// Jest Snapshot v1, https://goo.gl/fbAQLP

exports[`<Pagination /> Default should match snapshot 1`] = `
<nav>
  <ul
    class="my-list-h my-list-center "
  >
    <li
      class="my-listitem "
    >
      <button
        class="my-button-link my-secondary-fg my-clickable"
        title="First page"
      >
        <span
          class="my-icon  "
        >
          <span
            class=" "
          >
            <svg
              aria-hidden="true"
              class="svg-inline--fa fa-angle-double-left fa-w-14 "
              data-icon="angle-double-left"
              data-prefix="fas"
              focusable="false"
              role="img"
              viewBox="0 0 448 512"
              xmlns="http://www.w3.org/2000/svg"
            >
              <path
                d="M223.7 239l136-136c9.4-9.4 24.6-9.4 33.9 0l22.6 22.6c9.4 9.4 9.4 24.6 0 33.9L319.9 256l96.4 96.4c9.4 9.4 9.4 24.6 0 33.9L393.7 409c-9.4 9.4-24.6 9.4-33.9 0l-136-136c-9.5-9.4-9.5-24.6-.1-34zm-192 34l136 136c9.4 9.4 24.6 9.4 33.9 0l22.6-22.6c9.4-9.4 9.4-24.6 0-33.9L127.9 256l96.4-96.4c9.4-9.4 9.4-24.6 0-33.9L201.7 103c-9.4-9.4-24.6-9.4-33.9 0l-136 136c-9.5 9.4-9.5 24.6-.1 34z"
                fill="currentColor"
              />
            </svg>
          </span>
        </span>
      </button>
    </li>
    <li
      class="my-listitem "
    >
      <button
        class="my-button-link my-secondary-fg my-clickable"
        title="Previous page"
      >
        <span
          class="my-icon  "
        >
          <span
            class=" "
          >
            <svg
              aria-hidden="true"
              class="svg-inline--fa fa-angle-left fa-w-8 "
              data-icon="angle-left"
              data-prefix="fas"
              focusable="false"
              role="img"
              viewBox="0 0 256 512"
              xmlns="http://www.w3.org/2000/svg"
            >
              <path
                d="M31.7 239l136-136c9.4-9.4 24.6-9.4 33.9 0l22.6 22.6c9.4 9.4 9.4 24.6 0 33.9L127.9 256l96.4 96.4c9.4 9.4 9.4 24.6 0 33.9L201.7 409c-9.4 9.4-24.6 9.4-33.9 0l-136-136c-9.5-9.4-9.5-24.6-.1-34z"
                fill="currentColor"
              />
            </svg>
          </span>
        </span>
      </button>
    </li>
    <li
      class="my-listitem "
    >
      <button
        class="my-button-link my-secondary-fg my-clickable"
        title="Page 1"
      >
        <span
          class=""
        >
          1
        </span>
      </button>
    </li>
    <li
      class="my-listitem "
    >
      <button
        class="my-button-link my-secondary-fg my-clickable"
        title="Page 2"
      >
        <span
          class=""
        >
          2
        </span>
      </button>
    </li>
    <li
      class="my-listitem "
    >
      <button
        class="my-button-link my-secondary-fg my-clickable"
        title="Page 3"
      >
        <span
          class=""
        >
          3
        </span>
      </button>
    </li>
    <li
      class="my-listitem "
    >
      <button
        class="my-button-link my-secondary-fg my-clickable"
        title="Page 4"
      >
        <span
          class=""
        >
          4
        </span>
      </button>
    </li>
    <li
      class="my-listitem "
    >
      <button
        class="my-button-link my-secondary-fg my-clickable my-disabled-fg my-active"
        disabled=""
        title="Page 5"
      >
        <span
          class=""
        >
          5
        </span>
      </button>
    </li>
    <li
      class="my-listitem "
    >
      <button
        class="my-button-link my-secondary-fg my-clickable"
        title="Page 6"
      >
        <span
          class=""
        >
          6
        </span>
      </button>
    </li>
    <li
      class="my-listitem "
    >
      <button
        class="my-button-link my-secondary-fg my-clickable"
        title="Next page"
      >
        <span
          class="my-icon  "
        >
          <span
            class=" "
          >
            <svg
              aria-hidden="true"
              class="svg-inline--fa fa-angle-right fa-w-8 "
              data-icon="angle-right"
              data-prefix="fas"
              focusable="false"
              role="img"
              viewBox="0 0 256 512"
              xmlns="http://www.w3.org/2000/svg"
            >
              <path
                d="M224.3 273l-136 136c-9.4 9.4-24.6 9.4-33.9 0l-22.6-22.6c-9.4-9.4-9.4-24.6 0-33.9l96.4-96.4-96.4-96.4c-9.4-9.4-9.4-24.6 0-33.9L54.3 103c9.4-9.4 24.6-9.4 33.9 0l136 136c9.5 9.4 9.5 24.6.1 34z"
                fill="currentColor"
              />
            </svg>
          </span>
        </span>
      </button>
    </li>
    <li
      class="my-listitem "
    >
      <button
        class="my-button-link my-secondary-fg my-clickable"
        title="Last page"
      >
        <span
          class="my-icon  "
        >
          <span
            class=" "
          >
            <svg
              aria-hidden="true"
              class="svg-inline--fa fa-angle-double-right fa-w-14 "
              data-icon="angle-double-right"
              data-prefix="fas"
              focusable="false"
              role="img"
              viewBox="0 0 448 512"
              xmlns="http://www.w3.org/2000/svg"
            >
              <path
                d="M224.3 273l-136 136c-9.4 9.4-24.6 9.4-33.9 0l-22.6-22.6c-9.4-9.4-9.4-24.6 0-33.9l96.4-96.4-96.4-96.4c-9.4-9.4-9.4-24.6 0-33.9L54.3 103c9.4-9.4 24.6-9.4 33.9 0l136 136c9.5 9.4 9.5 24.6.1 34zm192-34l-136-136c-9.4-9.4-24.6-9.4-33.9 0l-22.6 22.6c-9.4 9.4-9.4 24.6 0 33.9l96.4 96.4-96.4 96.4c-9.4 9.4-9.4 24.6 0 33.9l22.6 22.6c9.4 9.4 24.6 9.4 33.9 0l136-136c9.4-9.2 9.4-24.4 0-33.8z"
                fill="currentColor"
              />
            </svg>
          </span>
        </span>
      </button>
    </li>
  </ul>
</nav>
`;
