// Jest Snapshot v1, https://goo.gl/fbAQLP

exports[`<PaginationItem /> Default should match snapshot 1`] = `
<li
  class="my-listitem "
>
  <button
    class="my-button-link my-secondary-fg my-clickable"
    title="Page 5"
  >
    <span
      class=""
    >
      5
    </span>
  </button>
</li>
`;
