// Jest Snapshot v1, https://goo.gl/fbAQLP

exports[`<TokenRow /> Default should match snapshot 1`] = `
<table
  class="my-table my-dark-bg"
>
  <tbody>
    <tr
      class="my-dark-bg my-clickable"
      tabindex="0"
    >
      <td>
        Token
      </td>
      <td>
        <span>
          <span
            class="my-tokenamount-amount"
          >
             NaN
          </span>
        </span>
        <ul
          class="my-list-h  my-tokenrow-pricehistory"
        >
          <li
            class="my-listitem "
          >
            <span
              class="my-badge my-positive-bg my-size-s "
            >
              <span
                class="my-difference-prefix"
              >
                H
              </span>
              <span
                class="my-difference-amount"
              >
                +100%
              </span>
            </span>
          </li>
          <li
            class="my-listitem "
          >
            <span
              class="my-badge my-negative-bg my-size-s "
            >
              <span
                class="my-difference-prefix"
              >
                D
              </span>
              <span
                class="my-difference-amount"
              >
                -50%
              </span>
            </span>
          </li>
          <li
            class="my-listitem "
          >
            <span
              class="my-badge my-negative-bg my-size-s "
            >
              <span
                class="my-difference-prefix"
              >
                W
              </span>
              <span
                class="my-difference-amount"
              >
                -75%
              </span>
            </span>
          </li>
          <li
            class="my-listitem "
          >
            <span
              class="my-badge my-light-bg my-size-s "
            >
              <span
                class="my-difference-prefix"
              >
                M
              </span>
              <span
                class="my-difference-amount"
              >
                +0%
              </span>
            </span>
          </li>
          <li
            class="my-listitem "
          >
            <span
              class="my-badge my-positive-bg my-size-s "
            >
              <span
                class="my-difference-prefix"
              >
                Y
              </span>
              <span
                class="my-difference-amount"
              >
                +300%
              </span>
            </span>
          </li>
        </ul>
      </td>
      <td
        class="my-d-min-xs my-text-center"
      >
        <span>
          <a
            class="my-clickable  my-link my-secondary-fg"
            href="https://etherscan.io/address/0x0000000000000000000000000000000000000111"
            rel="noreferrer"
            tabindex="0"
            target="_blank"
          >
            <span
              class="my-addresshash"
            >
              0x0000...0111
            </span>
          </a>
        </span>
      </td>
    </tr>
  </tbody>
</table>
`;
